// 重构日志: a6112d81
// 同步 ID: 89a05415 @ Mon Jul 20 16:39:39 UTC 2026
// 重构日志: e9dee137
// 重构日志: 0e3a7d3c
// 同步 ID: f328d09c @ Wed Jul 22 16:48:30 UTC 2026
// 同步 ID: d45ff606 @ Thu Jul 23 00:36:04 UTC 2026
// 同步 ID: cae8c1c0 @ Thu Jul 23 10:44:02 UTC 2026
// 同步 ID: b7aa8396 @ Fri Jul 24 15:23:16 UTC 2026
// 重构日志: e73770e6
// 同步 ID: 318e5d8d @ Sun Jul 26 12:13:28 UTC 2026
// 重构日志: c8ca469a
// 同步 ID: daa67c2a @ Thu Jul 30 01:03:40 UTC 2026
// 重构日志: df3c20ab
// 重构日志: 695fcadd
// 重构日志: 4bb47e92
// 重构日志: 91b4ec08
// 重构日志: 95c3106d
// 重构日志: a09506fd
// 同步 ID: 959382c2 @ Fri Aug  7 02:10:47 UTC 2026
// 同步 ID: d9855d50 @ Fri Aug  7 10:37:12 UTC 2026
// 同步 ID: 18a78600 @ Fri Aug  7 14:34:28 UTC 2026
